=== 2026-07-22T10:15:33+05:00 сессионная разлочка ===
=== 2026-07-22T10:21:16+05:00 сессионная разлочка ===
до:    16.4 Вт
nvpcf-boot-fix: SSDT nvpcf-stnm загружен
nvpcf-boot-fix: шаг 1: NVST 3 → 0x2
nvpcf-boot-fix: шаг 2: NVST 1 → 0x3
nvpcf-boot-fix: итоговый STNM=0x3
после: 31.9 Вт
✔ разлочено
=== 2026-07-22T12:06:46+05:00 сессионная разлочка ===
до:    32.5 Вт
✔ уже свободна — ничего не делаю
=== 2026-07-22T12:08:58+05:00 сессионная разлочка ===
до:    11.6 Вт
nvpcf-boot-fix: SSDT nvpcf-stnm загружен
nvpcf-boot-fix: шаг 1: NVST 3 → 0x2
nvpcf-boot-fix: шаг 2: NVST 1 → 0x3
nvpcf-boot-fix: итоговый STNM=0x3
после: 19.8 Вт
✖ не разлочилось — вручную: cd ~/gpudebug && sudo ./nvpcf-unlock.sh --stnm 3, через 15 с --stnm 1 (под нагрузкой)
=== 2026-07-22T13:54:46+05:00 сессионная разлочка ===
до:    16.0 Вт
nvpcf-boot-fix: SSDT nvpcf-stnm загружен
nvpcf-boot-fix: шаг 1: NVST 3 → 0x2
nvpcf-boot-fix: шаг 2: NVST 1 → 0x3
nvpcf-boot-fix: итоговый STNM=0x3
после: 7.4 Вт
✖ не разлочилось — вручную: cd ~/gpudebug && sudo ./nvpcf-unlock.sh --stnm 3, через 15 с --stnm 1 (под нагрузкой)
=== 2026-07-22T13:59:04+05:00 сессионная разлочка ===
батарея: Charging 65%, 23.7 Вт; AC=1
частота под нагрузкой: 1702 МГц
✔ уже свободна
=== 2026-07-22T15:15:46+05:00 session unlock ===
battery: Charging 99%, 4.5 W; AC=1
clock under load: 1702 MHz
OK: already unlocked
=== 2026-07-22T15:32:18+05:00 session unlock ===
battery: Discharging 99%, 13.6 W; AC=0
clock under load: 1462 MHz
-- attempt 1 --
nvpcf-boot-fix: SSDT nvpcf-stnm загружен
nvpcf-boot-fix: шаг 1: NVST 3 → 0x2
nvpcf-boot-fix: шаг 2: NVST 1 → 0x3
nvpcf-boot-fix: итоговый STNM=0x3
clock after: 1252 MHz
-- attempt 2 --
nvpcf-boot-fix: шаг 1: NVST 3 → 0x2
nvpcf-boot-fix: шаг 2: NVST 1 → 0x3
nvpcf-boot-fix: итоговый STNM=0x3
clock after: 1192 MHz
-- attempt 3 --
nvpcf-boot-fix: шаг 1: NVST 3 → 0x2
nvpcf-boot-fix: шаг 2: NVST 1 → 0x3
nvpcf-boot-fix: итоговый STNM=0x3
clock after: 1200 MHz
FAIL: still locked after 3 attempts - run manually: cd ~/gpudebug && sudo ./nvpcf-unlock.sh --stnm 3, wait 15 s, then --stnm 1 (under GPU load)
=== 2026-07-22T15:52:39+05:00 session unlock ===
battery: Discharging 87%, 15.0 W; AC=0
clock under load: 1717 MHz
OK: already unlocked
=== 2026-07-22T16:16:44+05:00 session unlock ===
battery: Discharging 76%, 18.5 W; AC=0
=== 2026-07-22T16:17:26+05:00 session unlock ===
battery: Discharging 75%, 23.7 W; AC=0
clock under load: 1567 MHz
OK: already unlocked
=== 2026-07-22T16:25:53+05:00 session unlock ===
battery: Charging 69%, 28.1 W; AC=1
clock under load: 1732 MHz
OK: already unlocked
=== 2026-07-22T17:37:04+05:00 session unlock ===
battery: Discharging 69%, 15.5 W; AC=0
clock under load: 1605 MHz
OK: already unlocked
=== 2026-07-22T19:25:26+05:00 session unlock ===
battery: Discharging 35%, 16.1 W; AC=0
clock under load: 210 MHz
-- attempt 1 --
nvpcf-boot-fix: SSDT nvpcf-stnm загружен
nvpcf-boot-fix: шаг 1: NVST 3 → 0x2
nvpcf-boot-fix: шаг 2: NVST 1 → 0x3
nvpcf-boot-fix: итоговый STNM=0x3
clock after: 210 MHz
-- attempt 2 --
nvpcf-boot-fix: шаг 1: NVST 3 → 0x2
nvpcf-boot-fix: шаг 2: NVST 1 → 0x3
nvpcf-boot-fix: итоговый STNM=0x3
clock after: 210 MHz
-- attempt 3 --
nvpcf-boot-fix: шаг 1: NVST 3 → 0x2
nvpcf-boot-fix: шаг 2: NVST 1 → 0x3
nvpcf-boot-fix: итоговый STNM=0x3
clock after: 210 MHz
FAIL: still locked after 3 attempts - run manually: cd ~/gpudebug && sudo ./nvpcf-unlock.sh --stnm 3, wait 15 s, then --stnm 1 (under GPU load)
=== 2026-07-22T19:44:38+05:00 session unlock ===
battery: Charging 25%, 37.6 W; AC=1
clock under load: 1732 MHz
OK: already unlocked
=== 2026-07-23T14:40:08+05:00 session unlock ===
battery: Discharging 9%, 14.6 W; AC=0
clock under load: 210 MHz
-- attempt 1 --
nvpcf-boot-fix: SSDT nvpcf-stnm загружен
nvpcf-boot-fix: шаг 1: NVST 3 → 0x2
nvpcf-boot-fix: шаг 2: NVST 1 → 0x3
nvpcf-boot-fix: итоговый STNM=0x3
clock after: 210 MHz
-- attempt 2 --
nvpcf-boot-fix: шаг 1: NVST 3 → 0x2
nvpcf-boot-fix: шаг 2: NVST 1 → 0x3
nvpcf-boot-fix: итоговый STNM=0x3
clock after: 210 MHz
-- attempt 3 --
nvpcf-boot-fix: шаг 1: NVST 3 → 0x2
nvpcf-boot-fix: шаг 2: NVST 1 → 0x3
nvpcf-boot-fix: итоговый STNM=0x3
clock after: 210 MHz
FAIL: still locked after 3 attempts - run manually: cd ~/gpudebug && sudo ./nvpcf-unlock.sh --stnm 3, wait 15 s, then --stnm 1 (under GPU load)
=== 2026-07-25T06:54:52+05:00 session unlock ===
battery: Discharging 67%, 20.3 W; AC=0
clock under load: 1650 MHz
OK: already unlocked
=== 2026-07-28T12:37:22+05:00 session unlock ===
battery: Charging 96%, 6.0 W; AC=1
clock under load: 1732 MHz
OK: already unlocked
=== 2026-07-29T09:16:29+05:00 session unlock ===
battery: Discharging 49%, 17.6 W; AC=0
clock under load: 1177 MHz
-- attempt 1 --
nvpcf-boot-fix: SSDT nvpcf-stnm загружен
nvpcf-boot-fix: шаг 1: NVST 3 → 0x2
nvpcf-boot-fix: шаг 2: NVST 1 → 0x3
nvpcf-boot-fix: итоговый STNM=0x3
clock after: 757 MHz
-- attempt 2 --
nvpcf-boot-fix: шаг 1: NVST 3 → 0x2
nvpcf-boot-fix: шаг 2: NVST 1 → 0x3
nvpcf-boot-fix: итоговый STNM=0x3
clock after: 585 MHz
-- attempt 3 --
nvpcf-boot-fix: шаг 1: NVST 3 → 0x2
nvpcf-boot-fix: шаг 2: NVST 1 → 0x3
nvpcf-boot-fix: итоговый STNM=0x3
clock after: 1267 MHz
FAIL: still locked after 3 attempts - run manually: cd ~/gpudebug && sudo ./nvpcf-unlock.sh --stnm 3, wait 15 s, then --stnm 1 (under GPU load)
=== 2026-07-31T14:23:31+05:00 session unlock ===
battery: Discharging 54%, 17.3 W; AC=0
clock under load: 757 MHz
-- attempt 1 --
nvpcf-boot-fix: SSDT nvpcf-stnm загружен
nvpcf-boot-fix: шаг 1: NVST 3 → 0x2
nvpcf-boot-fix: шаг 2: NVST 1 → 0x3
nvpcf-boot-fix: итоговый STNM=0x3
clock after: 1177 MHz
-- attempt 2 --
nvpcf-boot-fix: шаг 1: NVST 3 → 0x2
nvpcf-boot-fix: шаг 2: NVST 1 → 0x3
nvpcf-boot-fix: итоговый STNM=0x3
clock after: 1132 MHz
-- attempt 3 --
nvpcf-boot-fix: шаг 1: NVST 3 → 0x2
nvpcf-boot-fix: шаг 2: NVST 1 → 0x3
nvpcf-boot-fix: итоговый STNM=0x3
clock after: 1260 MHz
FAIL: still locked after 3 attempts - run manually: cd ~/gpudebug && sudo ./nvpcf-unlock.sh --stnm 3, wait 15 s, then --stnm 1 (under GPU load)
=== 2026-08-02T16:02:28+05:00 session unlock ===
battery: Discharging 50%, 11.9 W; AC=0
clock under load: 1087 MHz
-- attempt 1 --
nvpcf-boot-fix: SSDT nvpcf-stnm загружен
nvpcf-boot-fix: шаг 1: NVST 3 → 0x2
nvpcf-boot-fix: шаг 2: NVST 1 → 0x3
nvpcf-boot-fix: итоговый STNM=0x3
clock after: 667 MHz
-- attempt 2 --
nvpcf-boot-fix: шаг 1: NVST 3 → 0x2
nvpcf-boot-fix: шаг 2: NVST 1 → 0x3
nvpcf-boot-fix: итоговый STNM=0x3
clock after: 997 MHz
-- attempt 3 --
nvpcf-boot-fix: шаг 1: NVST 3 → 0x2
nvpcf-boot-fix: шаг 2: NVST 1 → 0x3
nvpcf-boot-fix: итоговый STNM=0x3
clock after: 1035 MHz
FAIL: still locked after 3 attempts - run manually: cd ~/gpudebug && sudo ./nvpcf-unlock.sh --stnm 3, wait 15 s, then --stnm 1 (under GPU load)
=== 2026-08-02T17:45:46+05:00 session unlock ===
battery: Discharging 66%, 20.6 W; AC=0
clock under load: 1560 MHz
OK: already unlocked
=== 2026-08-02T21:50:33+05:00 session unlock ===
battery: Charging 40%, 28.0 W; AC=1
clock under load: 1732 MHz
OK: already unlocked
=== 2026-08-03T08:09:13+05:00 session unlock ===
battery: Discharging 56%, 21.3 W; AC=0
clock under load: 0 MHz
FAIL: load did not land on the dGPU - no verdict
=== 2026-08-03T08:24:56+05:00 session unlock ===
battery: Discharging 45%, 18.9 W; AC=0
clock under load: 697 MHz
-- attempt 1 --
nvpcf-boot-fix: SSDT nvpcf-stnm загружен
nvpcf-boot-fix: шаг 1: NVST 3 → 0x2
nvpcf-boot-fix: шаг 2: NVST 1 → 0x3
nvpcf-boot-fix: итоговый STNM=0x3
clock after: 1162 MHz
-- attempt 2 --
nvpcf-boot-fix: шаг 1: NVST 3 → 0x2
nvpcf-boot-fix: шаг 2: NVST 1 → 0x3
nvpcf-boot-fix: итоговый STNM=0x3
clock after: 1282 MHz
-- attempt 3 --
nvpcf-boot-fix: шаг 1: NVST 3 → 0x2
nvpcf-boot-fix: шаг 2: NVST 1 → 0x3
nvpcf-boot-fix: итоговый STNM=0x3
clock after: 1020 MHz
FAIL: still locked after 3 attempts - run manually: cd ~/gpudebug && sudo ./nvpcf-unlock.sh --stnm 3, wait 15 s, then --stnm 1 (under GPU load)
=== 2026-08-03T09:36:58+05:00 session unlock ===
battery: Charging 49%, 27.4 W; AC=1
clock under load: 1732 MHz
OK: already unlocked
=== 2026-08-03T10:09:06+05:00 session unlock ===
battery: Charging 76%, 17.0 W; AC=1
clock under load: 1732 MHz
OK: already unlocked
=== 2026-08-03T14:18:23+05:00 session unlock ===
battery: Charging 8%, 44.5 W; AC=1
clock under load: 1732 MHz
OK: already unlocked
=== 2026-08-03T15:11:01+05:00 session unlock ===
battery: Charging 69%, 19.4 W; AC=1
clock under load: 1732 MHz
OK: already unlocked
=== 2026-08-03T16:21:41+05:00 session unlock ===
battery: Charging 98%, 4.8 W; AC=1
clock under load: 1732 MHz
OK: already unlocked
=== 2026-08-03T16:29:50+05:00 session unlock ===
battery: Charging 99%, 4.1 W; AC=1
clock under load: 1732 MHz
OK: already unlocked
=== 2026-08-03T16:39:22+05:00 session unlock ===
battery: Not charging 100%, 0.0 W; AC=1
clock under load: 1732 MHz
OK: already unlocked
=== 2026-08-03T16:41:43+05:00 session unlock ===
battery: Not charging 100%, 0.0 W; AC=1
clock under load: 1732 MHz
OK: already unlocked
=== 2026-08-03T16:48:21+05:00 session unlock ===
battery: Not charging 100%, 0.0 W; AC=1
clock under load: 1732 MHz
OK: already unlocked
=== 2026-08-03T17:42:30+05:00 session unlock ===
battery: Discharging 81%, 36.0 W; AC=0
clock under load: 1702 MHz
OK: already unlocked
=== 2026-08-03T21:12:54+05:00 session unlock ===
battery: Discharging 100%, 36.4 W; AC=0
clock under load: 1372 MHz
-- attempt 1 --
nvpcf-boot-fix: SSDT nvpcf-stnm загружен
nvpcf-boot-fix: шаг 1: NVST 3 → 0x2
nvpcf-boot-fix: шаг 2: NVST 1 → 0x3
nvpcf-boot-fix: итоговый STNM=0x3
clock after: 1417 MHz
-- attempt 2 --
nvpcf-boot-fix: шаг 1: NVST 3 → 0x2
nvpcf-boot-fix: шаг 2: NVST 1 → 0x3
nvpcf-boot-fix: итоговый STNM=0x3
clock after: 1507 MHz
OK: unlocked (attempt 2)
=== 2026-08-03T22:18:56+05:00 session unlock ===
battery: Discharging 44%, 29.4 W; AC=0
clock under load: 0 MHz
FAIL: load did not land on the dGPU - no verdict
=== 2026-08-03T22:39:02+05:00 session unlock ===
battery: Discharging 22%, 25.7 W; AC=0
clock under load: 0 MHz
FAIL: load did not land on the dGPU - no verdict
=== 2026-08-04T07:44:17+05:00 session unlock ===
battery: Discharging 80%, 21.5 W; AC=0
clock under load: 1732 MHz
OK: already unlocked
=== 2026-08-04T08:06:01+05:00 session unlock ===
battery: Discharging 51%, 15.7 W; AC=0
clock under load: 0 MHz
FAIL: load did not land on the dGPU - no verdict
=== 2026-08-04T08:38:43+05:00 session unlock ===
battery: Charging 58%, 24.1 W; AC=1
clock under load: 1732 MHz
OK: already unlocked
=== 2026-08-04T09:05:48+05:00 session unlock ===
battery: Charging 79%, 15.4 W; AC=1
clock under load: 1725 MHz
OK: already unlocked
=== 2026-08-04T09:41:51+05:00 session unlock ===
battery: Charging 94%, 7.1 W; AC=1
clock under load: 1732 MHz
OK: already unlocked
=== 2026-08-04T09:45:06+05:00 session unlock ===
battery: Charging 95%, 6.5 W; AC=1
clock under load: 1732 MHz
OK: already unlocked
=== 2026-08-04T20:41:50+05:00 session unlock ===
battery: Charging 96%, 5.8 W; AC=1
clock under load: 1702 MHz
OK: already unlocked
=== 2026-08-04T20:47:21+05:00 session unlock ===
battery: Charging 97%, 5.2 W; AC=1
clock under load: 1732 MHz
OK: already unlocked
=== 2026-08-04T23:42:41+05:00 session unlock ===
battery: Discharging 99%, 11.6 W; AC=0
clock under load: 1717 MHz
OK: already unlocked
=== 2026-08-04T23:45:37+05:00 session unlock ===
battery: Discharging 95%, 23.6 W; AC=0
=== 2026-08-05T00:11:15+05:00 session unlock ===
battery: Discharging 68%, 14.7 W; AC=0
clock under load: 0 MHz
FAIL: load did not land on the dGPU - no verdict
=== 2026-08-05T08:20:44+05:00 session unlock ===
battery: Charging 77%, 15.2 W; AC=1
clock under load: 1732 MHz
OK: already unlocked
=== 2026-08-05T20:49:33+05:00 session unlock ===
battery: Charging 46%, 23.6 W; AC=1
clock under load: 1702 MHz
OK: already unlocked
=== 2026-08-05T21:05:20+05:00 session unlock ===
battery: Charging 60%, 22.0 W; AC=1
clock under load: 1732 MHz
OK: already unlocked
=== 2026-08-05T21:42:50+05:00 session unlock ===
battery: Charging 84%, 12.1 W; AC=1
clock under load: 1732 MHz
OK: already unlocked
=== 2026-08-05T22:17:50+05:00 session unlock ===
battery: Charging 95%, 5.7 W; AC=1
clock under load: 1732 MHz
OK: already unlocked
=== 2026-08-05T22:30:13+05:00 session unlock ===
battery: Charging 98%, 4.5 W; AC=1
clock under load: 1725 MHz
OK: already unlocked
=== 2026-08-05T22:50:15+05:00 session unlock ===
battery: Discharging 100%, 0.2 W; AC=1
clock under load: 1732 MHz
OK: already unlocked
=== 2026-08-05T23:02:35+05:00 session unlock ===
battery: Not charging 100%, 0.0 W; AC=1
clock under load: 1732 MHz
OK: already unlocked
=== 2026-08-05T23:06:27+05:00 session unlock ===
battery: Not charging 100%, 0.0 W; AC=1
clock under load: 1732 MHz
OK: already unlocked
=== 2026-08-06T08:17:26+05:00 session unlock ===
battery: Charging 86%, 17.5 W; AC=1
clock under load: 1702 MHz
OK: already unlocked
=== 2026-08-06T20:11:24+05:00 session unlock ===
battery: Not charging 100%, 0.0 W; AC=1
clock under load: 1702 MHz
OK: already unlocked
=== 2026-08-10T07:49:38+05:00 session unlock ===
battery: Charging 1%, 41.3 W; AC=1
clock under load: 1717 MHz
OK: already unlocked
=== 2026-08-10T17:42:08+05:00 session unlock ===
battery: Charging 26%, 37.1 W; AC=1
clock under load: 1732 MHz
OK: already unlocked
=== 2026-08-11T15:24:08+05:00 session unlock ===
battery: Discharging 99%, 19.5 W; AC=0
clock under load: 1590 MHz
OK: already unlocked
=== 2026-08-11T19:39:15+05:00 session unlock ===
battery: Discharging 33%, 25.9 W; AC=0
clock under load: 210 MHz
-- attempt 1 --
nvpcf-boot-fix: SSDT nvpcf-stnm загружен
nvpcf-boot-fix: шаг 1: NVST 3 → 0x2
nvpcf-boot-fix: шаг 2: NVST 1 → 0x3
nvpcf-boot-fix: итоговый STNM=0x3
clock after: 210 MHz
-- attempt 2 --
nvpcf-boot-fix: шаг 1: NVST 3 → 0x2
nvpcf-boot-fix: шаг 2: NVST 1 → 0x3
nvpcf-boot-fix: итоговый STNM=0x3
clock after: 210 MHz
-- attempt 3 --
nvpcf-boot-fix: шаг 1: NVST 3 → 0x2
nvpcf-boot-fix: шаг 2: NVST 1 → 0x3
nvpcf-boot-fix: итоговый STNM=0x3
clock after: 210 MHz
FAIL: still locked after 3 attempts - run manually: cd ~/.config/debug/gpu && sudo ./nvpcf-unlock.sh --stnm 3, wait 15 s, then --stnm 1 (under GPU load)
=== 2026-08-11T19:49:10+05:00 session unlock ===
battery: Discharging 26%, 25.7 W; AC=0
clock under load: 210 MHz
-- attempt 1 --
nvpcf-boot-fix: SSDT nvpcf-stnm загружен
nvpcf-boot-fix: шаг 1: NVST 3 → 0x2
nvpcf-boot-fix: шаг 2: NVST 1 → 0x3
nvpcf-boot-fix: итоговый STNM=0x3
clock after: 210 MHz
-- attempt 2 --
nvpcf-boot-fix: шаг 1: NVST 3 → 0x2
nvpcf-boot-fix: шаг 2: NVST 1 → 0x3
nvpcf-boot-fix: итоговый STNM=0x3
clock after: 210 MHz
-- attempt 3 --
nvpcf-boot-fix: шаг 1: NVST 3 → 0x2
nvpcf-boot-fix: шаг 2: NVST 1 → 0x3
nvpcf-boot-fix: итоговый STNM=0x3
clock after: 210 MHz
FAIL: still locked after 3 attempts - run manually: cd ~/.config/debug/gpu && sudo ./nvpcf-unlock.sh --stnm 3, wait 15 s, then --stnm 1 (under GPU load)
=== 2026-08-11T19:55:52+05:00 session unlock ===
battery: Discharging 21%, 23.5 W; AC=0
clock under load: 210 MHz
-- attempt 1 --
nvpcf-boot-fix: SSDT nvpcf-stnm загружен
nvpcf-boot-fix: шаг 1: NVST 3 → 0x2
nvpcf-boot-fix: шаг 2: NVST 1 → 0x3
nvpcf-boot-fix: итоговый STNM=0x3
clock after: 1717 MHz
OK: unlocked (attempt 1)
=== 2026-08-11T20:44:50+05:00 session unlock ===
battery: Charging 26%, 29.5 W; AC=1
clock under load: 1725 MHz
OK: already unlocked
=== 2026-08-11T22:19:43+05:00 session unlock ===
battery: Charging 90%, 7.9 W; AC=1
clock under load: 1447 MHz
-- attempt 1 --
nvpcf-boot-fix: SSDT nvpcf-stnm загружен
nvpcf-boot-fix: шаг 1: NVST 3 → 0x2
nvpcf-boot-fix: шаг 2: NVST 1 → 0x3
nvpcf-boot-fix: итоговый STNM=0x3
clock after: 1560 MHz
OK: unlocked (attempt 1)
=== 2026-08-12T19:23:37+05:00 session unlock ===
battery: Discharging 98%, 10.2 W; AC=0
clock under load: 1590 MHz
OK: already unlocked
=== 2026-08-12T19:48:14+05:00 session unlock ===
battery: Not charging 96%, 0.0 W; AC=1
clock under load: 1732 MHz
OK: already unlocked
=== 2026-08-12T19:59:57+05:00 session unlock ===
battery: Discharging 90%, 18.2 W; AC=1
clock under load: 1710 MHz
OK: already unlocked
=== 2026-08-13T10:13:32+05:00 session unlock ===
battery: Charging 47%, 26.5 W; AC=1
clock under load: 1732 MHz
OK: already unlocked
=== 2026-08-13T11:08:32+05:00 session unlock ===
battery: Charging 85%, 10.6 W; AC=1
clock under load: 1702 MHz
OK: already unlocked
=== 2026-08-13T15:53:17+05:00 session unlock ===
battery: Discharging 100%, 0.2 W; AC=1
clock under load: 1732 MHz
OK: already unlocked
=== 2026-08-13T17:09:42+05:00 session unlock ===
battery: Not charging 100%, 0.0 W; AC=1
clock under load: 1702 MHz
OK: already unlocked
=== 2026-08-13T17:20:51+05:00 session unlock ===
battery: Discharging 100%, 0.0 W; AC=1
clock under load: 1732 MHz
OK: already unlocked
