Jul 22 09:24:06 space systemd[1]: Started nvidia-powerd service.
Jul 22 09:24:06 space nvidia-powerd[693]: nvidia-powerd version:2.0 (build 1)
Jul 22 09:24:06 space nvidia-powerd[693]: DBus Connection is established
Jul 22 09:24:06 space nvidia-powerd[693]: ERROR! DC power limits table is not supported
Jul 22 09:24:06 space nvidia-powerd[693]: ERROR! Failed to get SysPwrLimitGetInfo!!
Jul 22 09:24:06 space nvidia-powerd[693]: ERROR! Client (presumably SBIOS) has requested to disable Dynamic Boost DC controller
Jul 22 09:24:06 space nvidia-powerd[693]: CRITICAL! Failed to get SysPwrLimitGetInfo
Jul 22 09:24:06 space nvidia-powerd[693]: ERROR! JPAC is not created/already destroyed, ignoring request.
Jul 22 09:24:13 space nvidia-powerd[693]: ERROR! JPAC is not created/already destroyed, ignoring request.
Jul 22 09:24:16 space nvidia-powerd[693]: ERROR! JPAC is not created/already destroyed, ignoring request.
Jul 22 09:24:16 space nvidia-powerd[693]: ERROR! JPAC is not created/already destroyed, ignoring request.
Jul 22 09:24:18 space nvidia-powerd[693]: ERROR! JPAC is not created/already destroyed, ignoring request.
Jul 22 09:24:23 space nvidia-powerd[693]: ERROR! JPAC is not created/already destroyed, ignoring request.
Jul 22 09:24:48 space nvidia-powerd[693]: ERROR! JPAC is not created/already destroyed, ignoring request.
Jul 22 09:24:50 space nvidia-powerd[693]: ERROR! JPAC is not created/already destroyed, ignoring request.
Jul 22 09:24:52 space nvidia-powerd[693]: ERROR! JPAC is not created/already destroyed, ignoring request.
Jul 22 09:25:05 space nvidia-powerd[693]: ERROR! JPAC is not created/already destroyed, ignoring request.
Jul 22 09:25:36 space nvidia-powerd[693]: ERROR! Failed to get SysPwrLimitGetInfo!!
Jul 22 09:25:36 space nvidia-powerd[693]: CRITICAL! Failed to get SysPwrLimitGetInfo
Jul 22 09:26:17 space nvidia-powerd[693]: ERROR! Failed to get SysPwrLimitGetInfo!!
Jul 22 09:26:17 space nvidia-powerd[693]: CRITICAL! Failed to get SysPwrLimitGetInfo
Jul 22 09:30:10 space nvidia-powerd[693]: ERROR! JPAC is not created/already destroyed, ignoring request.
Jul 22 09:30:12 space nvidia-powerd[693]: ERROR! JPAC is not created/already destroyed, ignoring request.
Jul 22 09:30:14 space nvidia-powerd[693]: ERROR! JPAC is not created/already destroyed, ignoring request.
Jul 22 09:43:05 space nvidia-powerd[693]: ERROR! JPAC is not created/already destroyed, ignoring request.
