Aug 02 21:50:16 space systemd[1]: Started nvidia-powerd service.
Aug 02 21:50:16 space nvidia-powerd[698]: nvidia-powerd version:2.0 (build 1)
Aug 02 21:50:16 space nvidia-powerd[698]: DBus Connection is established
Aug 02 21:50:16 space nvidia-powerd[698]: ERROR! DC power limits table is not supported
Aug 02 21:50:16 space nvidia-powerd[698]: ERROR! Failed to get SysPwrLimitGetInfo!!
Aug 02 21:50:16 space nvidia-powerd[698]: ERROR! Client (presumably SBIOS) has requested to disable Dynamic Boost DC controller
Aug 02 21:50:16 space nvidia-powerd[698]: CRITICAL! Failed to get SysPwrLimitGetInfo
Aug 02 21:50:16 space nvidia-powerd[698]: ERROR! JPAC is not created/already destroyed, ignoring request.
Aug 02 21:50:23 space nvidia-powerd[698]: ERROR! JPAC is not created/already destroyed, ignoring request.
Aug 02 21:50:33 space nvidia-powerd[698]: ERROR! JPAC is not created/already destroyed, ignoring request.
Aug 02 21:50:48 space nvidia-powerd[698]: ERROR! JPAC is not created/already destroyed, ignoring request.
Aug 02 21:50:51 space nvidia-powerd[698]: ERROR! JPAC is not created/already destroyed, ignoring request.
Aug 02 21:50:53 space nvidia-powerd[698]: ERROR! JPAC is not created/already destroyed, ignoring request.
Aug 02 22:41:37 space nvidia-powerd[698]: ERROR! JPAC is not created/already destroyed, ignoring request.
Aug 02 22:41:39 space nvidia-powerd[698]: ERROR! JPAC is not created/already destroyed, ignoring request.
Aug 02 22:41:41 space nvidia-powerd[698]: ERROR! JPAC is not created/already destroyed, ignoring request.
Aug 02 22:41:43 space nvidia-powerd[698]: ERROR! JPAC is not created/already destroyed, ignoring request.
Aug 02 22:41:43 space nvidia-powerd[698]: ERROR! JPAC is not created/already destroyed, ignoring request.
Aug 02 22:42:25 space nvidia-powerd[698]: ERROR! JPAC is not created/already destroyed, ignoring request.
Aug 02 22:49:19 space nvidia-powerd[698]: ERROR! JPAC is not created/already destroyed, ignoring request.
Aug 02 22:49:20 space nvidia-powerd[698]: ERROR! JPAC is not created/already destroyed, ignoring request.
Aug 02 22:50:17 space nvidia-powerd[698]: ERROR! JPAC is not created/already destroyed, ignoring request.
Aug 02 22:50:17 space nvidia-powerd[698]: ERROR! JPAC is not created/already destroyed, ignoring request.
Aug 02 22:57:12 space nvidia-powerd[698]: ERROR! JPAC is not created/already destroyed, ignoring request.
Aug 02 22:57:13 space nvidia-powerd[698]: ERROR! JPAC is not created/already destroyed, ignoring request.
Aug 02 22:57:21 space nvidia-powerd[698]: ERROR! JPAC is not created/already destroyed, ignoring request.
Aug 02 22:57:48 space nvidia-powerd[698]: ERROR! JPAC is not created/already destroyed, ignoring request.
Aug 02 22:57:50 space nvidia-powerd[698]: ERROR! JPAC is not created/already destroyed, ignoring request.
Aug 02 22:57:52 space nvidia-powerd[698]: ERROR! JPAC is not created/already destroyed, ignoring request.
Aug 02 22:58:46 space nvidia-powerd[698]: ERROR! JPAC is not created/already destroyed, ignoring request.
