Jul 21 16:15:46 space systemd[1]: Started nvidia-powerd service.
Jul 21 16:15:46 space nvidia-powerd[700]: nvidia-powerd version:2.0 (build 1)
Jul 21 16:15:46 space nvidia-powerd[700]: DBus Connection is established
Jul 21 16:15:46 space nvidia-powerd[700]: ERROR! DC power limits table is not supported
Jul 21 16:15:46 space nvidia-powerd[700]: ERROR! Failed to get SysPwrLimitGetInfo!!
Jul 21 16:15:46 space nvidia-powerd[700]: ERROR! Client (presumably SBIOS) has requested to disable Dynamic Boost DC controller
Jul 21 16:15:46 space nvidia-powerd[700]: CRITICAL! Failed to get SysPwrLimitGetInfo
Jul 21 16:15:46 space nvidia-powerd[700]: ERROR! JPAC is not created/already destroyed, ignoring request.
Jul 21 16:15:53 space nvidia-powerd[700]: ERROR! JPAC is not created/already destroyed, ignoring request.
Jul 21 16:15:57 space nvidia-powerd[700]: ERROR! JPAC is not created/already destroyed, ignoring request.
Jul 21 16:15:59 space nvidia-powerd[700]: ERROR! JPAC is not created/already destroyed, ignoring request.
Jul 21 16:16:03 space nvidia-powerd[700]: ERROR! JPAC is not created/already destroyed, ignoring request.
Jul 21 16:16:29 space nvidia-powerd[700]: ERROR! JPAC is not created/already destroyed, ignoring request.
Jul 21 16:16:30 space nvidia-powerd[700]: ERROR! JPAC is not created/already destroyed, ignoring request.
Jul 21 16:16:32 space nvidia-powerd[700]: ERROR! JPAC is not created/already destroyed, ignoring request.
Jul 21 16:19:36 space nvidia-powerd[700]: ERROR! JPAC is not created/already destroyed, ignoring request.
Jul 21 16:19:49 space nvidia-powerd[700]: ERROR! JPAC is not created/already destroyed, ignoring request.
Jul 21 16:19:53 space nvidia-powerd[700]: ERROR! JPAC is not created/already destroyed, ignoring request.
Jul 21 16:19:55 space nvidia-powerd[700]: ERROR! JPAC is not created/already destroyed, ignoring request.
Jul 21 16:53:22 space nvidia-powerd[700]: ERROR! JPAC is not created/already destroyed, ignoring request.
Jul 21 16:53:26 space nvidia-powerd[700]: ERROR! JPAC is not created/already destroyed, ignoring request.
Jul 21 16:53:28 space nvidia-powerd[700]: ERROR! JPAC is not created/already destroyed, ignoring request.
Jul 21 16:53:37 space nvidia-powerd[700]: ERROR! JPAC is not created/already destroyed, ignoring request.
Jul 21 16:53:37 space nvidia-powerd[700]: ERROR! JPAC is not created/already destroyed, ignoring request.
Jul 21 16:53:39 space nvidia-powerd[700]: ERROR! JPAC is not created/already destroyed, ignoring request.
Jul 21 16:53:39 space nvidia-powerd[700]: ERROR! JPAC is not created/already destroyed, ignoring request.
Jul 21 16:53:40 space nvidia-powerd[700]: ERROR! JPAC is not created/already destroyed, ignoring request.
Jul 21 16:53:46 space nvidia-powerd[700]: ERROR! JPAC is not created/already destroyed, ignoring request.
Jul 21 16:53:46 space nvidia-powerd[700]: ERROR! JPAC is not created/already destroyed, ignoring request.
Jul 21 16:53:47 space nvidia-powerd[700]: ERROR! JPAC is not created/already destroyed, ignoring request.
Jul 21 16:53:47 space nvidia-powerd[700]: ERROR! JPAC is not created/already destroyed, ignoring request.
Jul 21 16:53:47 space nvidia-powerd[700]: ERROR! JPAC is not created/already destroyed, ignoring request.
Jul 21 16:53:47 space nvidia-powerd[700]: ERROR! JPAC is not created/already destroyed, ignoring request.
Jul 21 16:53:47 space nvidia-powerd[700]: ERROR! JPAC is not created/already destroyed, ignoring request.
Jul 21 16:53:48 space nvidia-powerd[700]: ERROR! JPAC is not created/already destroyed, ignoring request.
Jul 21 16:53:48 space nvidia-powerd[700]: ERROR! JPAC is not created/already destroyed, ignoring request.
Jul 21 16:53:48 space nvidia-powerd[700]: ERROR! JPAC is not created/already destroyed, ignoring request.
Jul 21 16:53:48 space nvidia-powerd[700]: ERROR! JPAC is not created/already destroyed, ignoring request.
Jul 21 16:53:49 space nvidia-powerd[700]: ERROR! JPAC is not created/already destroyed, ignoring request.
Jul 21 16:53:49 space nvidia-powerd[700]: ERROR! JPAC is not created/already destroyed, ignoring request.
Jul 21 16:53:49 space nvidia-powerd[700]: ERROR! JPAC is not created/already destroyed, ignoring request.
Jul 21 16:53:51 space nvidia-powerd[700]: ERROR! JPAC is not created/already destroyed, ignoring request.
Jul 21 16:53:51 space nvidia-powerd[700]: ERROR! JPAC is not created/already destroyed, ignoring request.
Jul 21 16:54:03 space nvidia-powerd[700]: ERROR! JPAC is not created/already destroyed, ignoring request.
Jul 21 16:54:03 space nvidia-powerd[700]: ERROR! JPAC is not created/already destroyed, ignoring request.
Jul 21 16:54:15 space nvidia-powerd[700]: ERROR! JPAC is not created/already destroyed, ignoring request.
Jul 21 16:54:15 space nvidia-powerd[700]: ERROR! JPAC is not created/already destroyed, ignoring request.
Jul 21 16:54:15 space nvidia-powerd[700]: ERROR! JPAC is not created/already destroyed, ignoring request.
Jul 21 16:54:15 space nvidia-powerd[700]: ERROR! JPAC is not created/already destroyed, ignoring request.
Jul 21 16:54:16 space nvidia-powerd[700]: ERROR! JPAC is not created/already destroyed, ignoring request.
Jul 21 16:54:16 space nvidia-powerd[700]: ERROR! JPAC is not created/already destroyed, ignoring request.
Jul 21 16:54:16 space nvidia-powerd[700]: ERROR! JPAC is not created/already destroyed, ignoring request.
Jul 21 16:54:16 space nvidia-powerd[700]: ERROR! JPAC is not created/already destroyed, ignoring request.
Jul 21 16:54:17 space nvidia-powerd[700]: ERROR! JPAC is not created/already destroyed, ignoring request.
Jul 21 16:54:17 space nvidia-powerd[700]: ERROR! JPAC is not created/already destroyed, ignoring request.
Jul 21 16:54:17 space nvidia-powerd[700]: ERROR! JPAC is not created/already destroyed, ignoring request.
Jul 21 16:54:17 space nvidia-powerd[700]: ERROR! JPAC is not created/already destroyed, ignoring request.
Jul 21 16:54:18 space nvidia-powerd[700]: ERROR! JPAC is not created/already destroyed, ignoring request.
Jul 21 16:54:18 space nvidia-powerd[700]: ERROR! JPAC is not created/already destroyed, ignoring request.
Jul 21 16:54:20 space nvidia-powerd[700]: ERROR! JPAC is not created/already destroyed, ignoring request.
Jul 21 16:54:20 space nvidia-powerd[700]: ERROR! JPAC is not created/already destroyed, ignoring request.
Jul 21 16:55:32 space nvidia-powerd[700]: ERROR! JPAC is not created/already destroyed, ignoring request.
Jul 21 16:55:33 space nvidia-powerd[700]: ERROR! JPAC is not created/already destroyed, ignoring request.
Jul 21 16:58:18 space nvidia-powerd[700]: ERROR! JPAC is not created/already destroyed, ignoring request.
Jul 21 17:01:06 space nvidia-powerd[700]: ERROR! JPAC is not created/already destroyed, ignoring request.
Jul 21 17:01:07 space nvidia-powerd[700]: ERROR! JPAC is not created/already destroyed, ignoring request.
Jul 21 17:03:30 space nvidia-powerd[700]: ERROR! JPAC is not created/already destroyed, ignoring request.
Jul 21 17:03:32 space nvidia-powerd[700]: ERROR! JPAC is not created/already destroyed, ignoring request.
Jul 21 17:08:34 space nvidia-powerd[700]: ERROR! JPAC is not created/already destroyed, ignoring request.
Jul 21 17:08:36 space nvidia-powerd[700]: ERROR! JPAC is not created/already destroyed, ignoring request.
Jul 21 17:09:51 space nvidia-powerd[700]: ERROR! JPAC is not created/already destroyed, ignoring request.
Jul 21 17:09:55 space nvidia-powerd[700]: ERROR! JPAC is not created/already destroyed, ignoring request.
Jul 21 17:09:56 space nvidia-powerd[700]: ERROR! JPAC is not created/already destroyed, ignoring request.
Jul 21 17:09:58 space nvidia-powerd[700]: ERROR! JPAC is not created/already destroyed, ignoring request.
Jul 21 17:09:59 space nvidia-powerd[700]: ERROR! JPAC is not created/already destroyed, ignoring request.
Jul 21 17:10:00 space nvidia-powerd[700]: ERROR! JPAC is not created/already destroyed, ignoring request.
Jul 21 17:10:04 space nvidia-powerd[700]: ERROR! JPAC is not created/already destroyed, ignoring request.
Jul 21 17:10:05 space nvidia-powerd[700]: ERROR! JPAC is not created/already destroyed, ignoring request.
Jul 21 17:10:06 space nvidia-powerd[700]: ERROR! JPAC is not created/already destroyed, ignoring request.
Jul 21 17:10:08 space nvidia-powerd[700]: ERROR! JPAC is not created/already destroyed, ignoring request.
Jul 21 17:10:09 space nvidia-powerd[700]: ERROR! JPAC is not created/already destroyed, ignoring request.
Jul 21 17:10:09 space nvidia-powerd[700]: ERROR! JPAC is not created/already destroyed, ignoring request.
Jul 21 17:10:09 space nvidia-powerd[700]: ERROR! JPAC is not created/already destroyed, ignoring request.
Jul 21 17:10:11 space nvidia-powerd[700]: ERROR! JPAC is not created/already destroyed, ignoring request.
Jul 21 17:10:12 space nvidia-powerd[700]: ERROR! JPAC is not created/already destroyed, ignoring request.
Jul 21 17:10:14 space nvidia-powerd[700]: ERROR! JPAC is not created/already destroyed, ignoring request.
Jul 21 17:10:14 space nvidia-powerd[700]: ERROR! JPAC is not created/already destroyed, ignoring request.
Jul 21 17:10:14 space nvidia-powerd[700]: ERROR! JPAC is not created/already destroyed, ignoring request.
Jul 21 17:10:15 space nvidia-powerd[700]: ERROR! JPAC is not created/already destroyed, ignoring request.
Jul 21 17:10:17 space nvidia-powerd[700]: ERROR! JPAC is not created/already destroyed, ignoring request.
Jul 21 17:10:19 space nvidia-powerd[700]: ERROR! JPAC is not created/already destroyed, ignoring request.
Jul 21 17:10:21 space nvidia-powerd[700]: ERROR! JPAC is not created/already destroyed, ignoring request.
Jul 21 17:10:22 space nvidia-powerd[700]: ERROR! JPAC is not created/already destroyed, ignoring request.
Jul 21 17:10:28 space nvidia-powerd[700]: ERROR! JPAC is not created/already destroyed, ignoring request.
Jul 21 17:10:29 space nvidia-powerd[700]: ERROR! JPAC is not created/already destroyed, ignoring request.
Jul 21 17:10:30 space nvidia-powerd[700]: ERROR! JPAC is not created/already destroyed, ignoring request.
Jul 21 17:10:32 space nvidia-powerd[700]: ERROR! JPAC is not created/already destroyed, ignoring request.
Jul 21 17:10:33 space nvidia-powerd[700]: ERROR! JPAC is not created/already destroyed, ignoring request.
Jul 21 17:10:33 space nvidia-powerd[700]: ERROR! JPAC is not created/already destroyed, ignoring request.
Jul 21 17:10:35 space nvidia-powerd[700]: ERROR! JPAC is not created/already destroyed, ignoring request.
Jul 21 17:10:35 space nvidia-powerd[700]: ERROR! JPAC is not created/already destroyed, ignoring request.
Jul 21 17:10:36 space nvidia-powerd[700]: ERROR! JPAC is not created/already destroyed, ignoring request.
Jul 21 17:10:38 space nvidia-powerd[700]: ERROR! JPAC is not created/already destroyed, ignoring request.
Jul 21 17:10:38 space nvidia-powerd[700]: ERROR! JPAC is not created/already destroyed, ignoring request.
Jul 21 17:10:39 space nvidia-powerd[700]: ERROR! JPAC is not created/already destroyed, ignoring request.
Jul 21 17:10:39 space nvidia-powerd[700]: ERROR! JPAC is not created/already destroyed, ignoring request.
Jul 21 17:10:41 space nvidia-powerd[700]: ERROR! JPAC is not created/already destroyed, ignoring request.
Jul 21 17:10:43 space nvidia-powerd[700]: ERROR! JPAC is not created/already destroyed, ignoring request.
Jul 21 17:10:44 space nvidia-powerd[700]: ERROR! JPAC is not created/already destroyed, ignoring request.
Jul 21 17:10:45 space nvidia-powerd[700]: ERROR! JPAC is not created/already destroyed, ignoring request.
Jul 21 17:10:46 space nvidia-powerd[700]: ERROR! JPAC is not created/already destroyed, ignoring request.
Jul 21 17:10:48 space nvidia-powerd[700]: ERROR! JPAC is not created/already destroyed, ignoring request.
Jul 21 17:10:48 space nvidia-powerd[700]: ERROR! JPAC is not created/already destroyed, ignoring request.
Jul 21 17:10:48 space nvidia-powerd[700]: ERROR! JPAC is not created/already destroyed, ignoring request.
Jul 21 17:10:51 space nvidia-powerd[700]: ERROR! JPAC is not created/already destroyed, ignoring request.
Jul 21 17:10:51 space nvidia-powerd[700]: ERROR! JPAC is not created/already destroyed, ignoring request.
Jul 21 17:10:52 space nvidia-powerd[700]: ERROR! JPAC is not created/already destroyed, ignoring request.
Jul 21 17:10:52 space nvidia-powerd[700]: ERROR! JPAC is not created/already destroyed, ignoring request.
Jul 21 17:10:53 space nvidia-powerd[700]: ERROR! JPAC is not created/already destroyed, ignoring request.
Jul 21 17:10:53 space nvidia-powerd[700]: ERROR! JPAC is not created/already destroyed, ignoring request.
Jul 21 17:10:54 space nvidia-powerd[700]: ERROR! JPAC is not created/already destroyed, ignoring request.
Jul 21 17:10:54 space nvidia-powerd[700]: ERROR! JPAC is not created/already destroyed, ignoring request.
Jul 21 17:10:55 space nvidia-powerd[700]: ERROR! JPAC is not created/already destroyed, ignoring request.
Jul 21 17:10:55 space nvidia-powerd[700]: ERROR! JPAC is not created/already destroyed, ignoring request.
Jul 21 17:10:55 space nvidia-powerd[700]: ERROR! JPAC is not created/already destroyed, ignoring request.
Jul 21 17:10:56 space nvidia-powerd[700]: ERROR! JPAC is not created/already destroyed, ignoring request.
Jul 21 17:10:57 space nvidia-powerd[700]: ERROR! JPAC is not created/already destroyed, ignoring request.
Jul 21 17:10:57 space nvidia-powerd[700]: ERROR! JPAC is not created/already destroyed, ignoring request.
Jul 21 17:10:57 space nvidia-powerd[700]: ERROR! JPAC is not created/already destroyed, ignoring request.
Jul 21 17:10:58 space nvidia-powerd[700]: ERROR! JPAC is not created/already destroyed, ignoring request.
Jul 21 17:10:58 space nvidia-powerd[700]: ERROR! JPAC is not created/already destroyed, ignoring request.
Jul 21 17:11:00 space nvidia-powerd[700]: ERROR! JPAC is not created/already destroyed, ignoring request.
Jul 21 17:11:02 space nvidia-powerd[700]: ERROR! JPAC is not created/already destroyed, ignoring request.
Jul 21 17:11:05 space nvidia-powerd[700]: ERROR! JPAC is not created/already destroyed, ignoring request.
Jul 21 17:11:10 space nvidia-powerd[700]: ERROR! JPAC is not created/already destroyed, ignoring request.
Jul 21 17:11:11 space nvidia-powerd[700]: ERROR! JPAC is not created/already destroyed, ignoring request.
Jul 21 17:11:12 space nvidia-powerd[700]: ERROR! JPAC is not created/already destroyed, ignoring request.
Jul 21 17:11:13 space nvidia-powerd[700]: ERROR! JPAC is not created/already destroyed, ignoring request.
Jul 21 17:11:14 space nvidia-powerd[700]: ERROR! JPAC is not created/already destroyed, ignoring request.
Jul 21 17:11:20 space nvidia-powerd[700]: ERROR! JPAC is not created/already destroyed, ignoring request.
Jul 21 17:11:20 space nvidia-powerd[700]: ERROR! JPAC is not created/already destroyed, ignoring request.
Jul 21 17:11:20 space nvidia-powerd[700]: ERROR! JPAC is not created/already destroyed, ignoring request.
Jul 21 17:11:21 space nvidia-powerd[700]: ERROR! JPAC is not created/already destroyed, ignoring request.
Jul 21 17:11:21 space nvidia-powerd[700]: ERROR! JPAC is not created/already destroyed, ignoring request.
Jul 21 17:11:21 space nvidia-powerd[700]: ERROR! JPAC is not created/already destroyed, ignoring request.
Jul 21 17:11:21 space nvidia-powerd[700]: ERROR! JPAC is not created/already destroyed, ignoring request.
Jul 21 17:11:21 space nvidia-powerd[700]: ERROR! JPAC is not created/already destroyed, ignoring request.
Jul 21 17:11:22 space nvidia-powerd[700]: ERROR! JPAC is not created/already destroyed, ignoring request.
Jul 21 17:11:22 space nvidia-powerd[700]: ERROR! JPAC is not created/already destroyed, ignoring request.
Jul 21 17:11:22 space nvidia-powerd[700]: ERROR! JPAC is not created/already destroyed, ignoring request.
Jul 21 17:11:22 space nvidia-powerd[700]: ERROR! JPAC is not created/already destroyed, ignoring request.
Jul 21 17:11:22 space nvidia-powerd[700]: ERROR! JPAC is not created/already destroyed, ignoring request.
Jul 21 17:11:23 space nvidia-powerd[700]: ERROR! JPAC is not created/already destroyed, ignoring request.
Jul 21 17:11:23 space nvidia-powerd[700]: ERROR! JPAC is not created/already destroyed, ignoring request.
Jul 21 17:11:23 space nvidia-powerd[700]: ERROR! JPAC is not created/already destroyed, ignoring request.
Jul 21 17:11:23 space nvidia-powerd[700]: ERROR! JPAC is not created/already destroyed, ignoring request.
Jul 21 17:11:24 space nvidia-powerd[700]: ERROR! JPAC is not created/already destroyed, ignoring request.
Jul 21 17:11:24 space nvidia-powerd[700]: ERROR! JPAC is not created/already destroyed, ignoring request.
Jul 21 17:11:25 space nvidia-powerd[700]: ERROR! JPAC is not created/already destroyed, ignoring request.
Jul 21 17:11:25 space nvidia-powerd[700]: ERROR! JPAC is not created/already destroyed, ignoring request.
Jul 21 17:13:56 space nvidia-powerd[700]: ERROR! JPAC is not created/already destroyed, ignoring request.
Jul 21 17:13:57 space nvidia-powerd[700]: ERROR! JPAC is not created/already destroyed, ignoring request.
Jul 21 17:14:08 space nvidia-powerd[700]: ERROR! JPAC is not created/already destroyed, ignoring request.
Jul 21 17:15:36 space nvidia-powerd[700]: ERROR! JPAC is not created/already destroyed, ignoring request.
Jul 21 17:15:36 space nvidia-powerd[700]: ERROR! JPAC is not created/already destroyed, ignoring request.
Jul 21 17:15:42 space nvidia-powerd[700]: ERROR! JPAC is not created/already destroyed, ignoring request.
Jul 21 17:15:43 space nvidia-powerd[700]: ERROR! JPAC is not created/already destroyed, ignoring request.
Jul 21 17:15:45 space nvidia-powerd[700]: ERROR! JPAC is not created/already destroyed, ignoring request.
Jul 21 17:16:30 space nvidia-powerd[700]: ERROR! JPAC is not created/already destroyed, ignoring request.
Jul 21 17:16:30 space nvidia-powerd[700]: ERROR! JPAC is not created/already destroyed, ignoring request.
Jul 21 17:16:30 space nvidia-powerd[700]: ERROR! JPAC is not created/already destroyed, ignoring request.
Jul 21 17:16:33 space nvidia-powerd[700]: ERROR! JPAC is not created/already destroyed, ignoring request.
Jul 21 17:16:35 space nvidia-powerd[700]: ERROR! JPAC is not created/already destroyed, ignoring request.
Jul 21 17:28:35 space nvidia-powerd[700]: ERROR! JPAC is not created/already destroyed, ignoring request.
Jul 21 17:28:37 space nvidia-powerd[700]: ERROR! JPAC is not created/already destroyed, ignoring request.
Jul 21 17:28:37 space nvidia-powerd[700]: ERROR! JPAC is not created/already destroyed, ignoring request.
Jul 21 17:34:46 space nvidia-powerd[700]: ERROR! JPAC is not created/already destroyed, ignoring request.
Jul 21 17:39:47 space nvidia-powerd[700]: ERROR! JPAC is not created/already destroyed, ignoring request.
Jul 21 17:39:49 space nvidia-powerd[700]: ERROR! JPAC is not created/already destroyed, ignoring request.
Jul 21 17:42:27 space nvidia-powerd[700]: ERROR! JPAC is not created/already destroyed, ignoring request.
Jul 21 17:42:33 space nvidia-powerd[700]: ERROR! Failed to get SysPwrLimitGetInfo!!
Jul 21 17:42:33 space nvidia-powerd[700]: CRITICAL! Failed to get SysPwrLimitGetInfo
Jul 21 17:48:11 space nvidia-powerd[700]: ERROR! JPAC is not created/already destroyed, ignoring request.
Jul 21 17:48:14 space nvidia-powerd[700]: ERROR! JPAC is not created/already destroyed, ignoring request.
Jul 21 17:48:15 space nvidia-powerd[700]: ERROR! JPAC is not created/already destroyed, ignoring request.
Jul 21 17:59:16 space nvidia-powerd[700]: ERROR! JPAC is not created/already destroyed, ignoring request.
Jul 21 17:59:26 space nvidia-powerd[700]: ERROR! JPAC is not created/already destroyed, ignoring request.
Jul 21 21:19:16 space nvidia-powerd[700]: ERROR! JPAC is not created/already destroyed, ignoring request.
Jul 21 21:19:26 space nvidia-powerd[700]: ERROR! JPAC is not created/already destroyed, ignoring request.
Jul 21 21:24:03 space nvidia-powerd[700]: ERROR! JPAC is not created/already destroyed, ignoring request.
Jul 21 21:25:50 space nvidia-powerd[700]: ERROR! JPAC is not created/already destroyed, ignoring request.
Jul 21 21:25:53 space nvidia-powerd[700]: ERROR! JPAC is not created/already destroyed, ignoring request.
Jul 21 21:25:55 space nvidia-powerd[700]: ERROR! JPAC is not created/already destroyed, ignoring request.
Jul 21 21:32:50 space nvidia-powerd[700]: ERROR! JPAC is not created/already destroyed, ignoring request.
