Jul 22 19:44:21 space systemd[1]: Started nvidia-powerd service.
Jul 22 19:44:21 space nvidia-powerd[702]: nvidia-powerd version:2.0 (build 1)
Jul 22 19:44:21 space nvidia-powerd[702]: DBus Connection is established
Jul 22 19:44:21 space nvidia-powerd[702]: ERROR! DC power limits table is not supported
Jul 22 19:44:21 space nvidia-powerd[702]: ERROR! Failed to get SysPwrLimitGetInfo!!
Jul 22 19:44:21 space nvidia-powerd[702]: ERROR! Client (presumably SBIOS) has requested to disable Dynamic Boost DC controller
Jul 22 19:44:21 space nvidia-powerd[702]: CRITICAL! Failed to get SysPwrLimitGetInfo
Jul 22 19:44:21 space nvidia-powerd[702]: ERROR! JPAC is not created/already destroyed, ignoring request.
Jul 22 19:44:28 space nvidia-powerd[702]: ERROR! JPAC is not created/already destroyed, ignoring request.
Jul 22 19:44:38 space nvidia-powerd[702]: ERROR! JPAC is not created/already destroyed, ignoring request.
Jul 22 19:44:53 space nvidia-powerd[702]: ERROR! JPAC is not created/already destroyed, ignoring request.
Jul 22 19:44:57 space nvidia-powerd[702]: ERROR! JPAC is not created/already destroyed, ignoring request.
Jul 22 19:44:58 space nvidia-powerd[702]: ERROR! JPAC is not created/already destroyed, ignoring request.
Jul 22 19:45:31 space nvidia-powerd[702]: ERROR! JPAC is not created/already destroyed, ignoring request.
Jul 22 19:45:33 space nvidia-powerd[702]: ERROR! JPAC is not created/already destroyed, ignoring request.
Jul 22 19:45:33 space nvidia-powerd[702]: ERROR! JPAC is not created/already destroyed, ignoring request.
Jul 22 19:47:16 space nvidia-powerd[702]: ERROR! JPAC is not created/already destroyed, ignoring request.
Jul 22 19:47:16 space nvidia-powerd[702]: ERROR! JPAC is not created/already destroyed, ignoring request.
Jul 22 19:47:19 space nvidia-powerd[702]: ERROR! JPAC is not created/already destroyed, ignoring request.
Jul 22 19:47:24 space nvidia-powerd[702]: ERROR! JPAC is not created/already destroyed, ignoring request.
Jul 22 19:47:24 space nvidia-powerd[702]: ERROR! JPAC is not created/already destroyed, ignoring request.
